Internal error in traceString
java.lang.IndexOutOfBoundsException: Index 2 out of bounds for length 2
0000 0000 0000 0000 0000 0000 0000 0000	0111 1111 1111 1111 1111 1111 1101 1100	0000 0000 0000 0000 0000 0000 0000 0000	0000 0000 0000 0000 0000 0000 0000 0000	0000 0000 0000 0000 0000 0000 0000 0000	0000 0000 0000 0000 0000 0000 0000 0000	0000 0000 0000 0000 0000 0000 0000 0000	0000 0000 0000 0000 0000 0000 0000 0001	0000 0000 0000 0000 0000 0000 0000 0000	0000 0000 0000 0000 0000 0000 0000 0000	0000 0000 0000 0000
0000 0000 0000 0000 0000 0000 0000 0000	0111 1111 1111 1111 1111 1111 1101 1100	0000 0000 0000 0000 0000 0000 0000 0000	0000 0000 0000 0000 0000 0000 0000 0000	0000 0000 0000 0000 0000 0000 0000 0000	0000 0000 0000 0000 0000 0000 0000 0000	0000 0000 0000 0000 0000 0000 0000 0000	0000 0000 0000 0000 0000 0000 0000 0001	0000 0000 0000 0000 0000 0000 0000 0100	0000 0000 0000 0000 0000 0000 0000 0000	0000 0000 0000 0001
