0000 0000	0000 0000 0111 1001 0001 1010 0010 1011	0100	1111 0010 0011 0100 0101 0110 0111 1111	0000 0000 0000 0000 0000 0000 0000 1001
0000 0001	0000 0000 0111 1001 0001 1010 0010 1011	0100	1111 0010 0011 0100 0101 0110 0111 1111	0000 0000 0000 0000 0000 1111 1110 1001
0000 0010	1111 0010 0011 0100 0101 0110 0111 1111	0101	1111 0010 0011 0100 0101 0110 0111 1111	0000 0000 0000 0000 0000 1001 0000 0000
0000 0011	1111 1111 1111 1001 0001 1010 0010 1011	0101	1111 0010 0011 0100 0101 0110 0111 1111	0000 0000 0000 0000 0000 1111 1110 1001
0000 0100	0110 1000 1010 1100 1111 1110 0000 0000	0110	1111 0010 0011 0100 0101 0110 0111 1111	0000 0000 0000 0000 0000 0000 0000 1001
0000 0101	0110 1000 1010 1100 1111 1110 0000 0000	0110	1111 0010 0011 0100 0101 0110 0111 1111	0000 0000 0000 0000 0000 1111 1110 1001
