0000 0000	0000 0000 0000 0000 0000 0000 0000 0001	0111	1111 1111 1111 1111 1010 1011 1100 1101	0000 0000 0000 0000 0000 0000 0000 0101
0000 0001	0000 0000 0000 0000 0000 0000 0000 0000	0111	0000 0000 0000 0000 0000 0000 0000 0101	1111 1111 1111 1111 1010 1011 1100 1101
0000 0010	0000 0000 0000 0000 0000 0000 0000 0001	1100	0000 0000 0000 0000 0000 0000 0000 0100	0000 0000 0000 0000 0000 0000 0000 0011
0000 0011	1111 1111 1111 0000 1111 1111 1111 1110	1100	1111 1111 1111 0000 0000 0000 0000 0111	1111 1111 1111 1111 0000 0000 0000 1001
0000 0100	0000 0000 0000 0000 0000 0000 0000 0001	1101	1000 1000 1101 1100 1101 1001 0000 0010	0000 0000 0000 0000 0000 0000 0000 0001
0000 0101	0000 0000 0000 0000 0000 0000 0000 0010	1101	1111 1000 0001 1001 1100 1101 0111 0010	0000 0000 0000 0000 0000 0000 0000 0010
