0000 0000	1010 1011 1100 1101 0000 0000 0000 0000	0001	1111 1111 1111 1111 0000 0000 0000 0000	1010 1011 1100 1101 0000 0000 0000 0000
0000 0001	0000 0000 0000 0000 0001 0000 0001 0000	0001	0001 0000 0001 0000 0001 0000 0001 0000	0000 0000 0000 0000 0001 0000 0001 0000
0000 0010	1111 1111 1111 1111 0000 0000 0000 0000	0010	1111 1111 1111 1111 0000 0000 0000 0000	1010 1011 1100 1101 0000 0000 0000 0000
0000 0011	0001 0000 0001 0000 0001 0000 0001 0000	0010	0001 0000 0001 0000 0001 0000 0001 0000	0000 0000 0000 0000 0001 0000 0001 0000
0000 0100	0101 0100 0011 0010 0000 0000 0000 0000	0011	1111 1111 1111 1111 0000 0000 0000 0000	1010 1011 1100 1101 0000 0000 0000 0000
0000 0101	0001 0000 0001 0000 0000 0000 0000 0000	0011	0001 0000 0001 0000 0001 0000 0001 0000	0000 0000 0000 0000 0001 0000 0001 0000
